  Determining projects to restore...
  All projects are up-to-date for restore.
  Hotel-Mgt.Model -> /Users/jakovivancek/Desktop/Jakov_Ivancek_projekt/Hotel-Mgt.Model/bin/Debug/net10.0/HotelMgt.Model.dll
  Hotel-Mgt.Console -> /Users/jakovivancek/Desktop/Jakov_Ivancek_projekt/Hotel-Mgt.Console/bin/Debug/net10.0/HotelMgt.Console.dll
/Users/jakovivancek/Desktop/Jakov_Ivancek_projekt/Hotel-Mgt.Web/Views/Employees/Create.cshtml(1,13): error RZ1017: Unexpected literal following the 'model' directive. Expected 'line break'. [/Users/jakovivancek/Desktop/Jakov_Ivancek_projekt/Hotel-Mgt.Web/Hotel-Mgt.Web.csproj]
/Users/jakovivancek/Desktop/Jakov_Ivancek_projekt/Hotel-Mgt.Web/Views/Employees/Delete.cshtml(1,13): error RZ1017: Unexpected literal following the 'model' directive. Expected 'line break'. [/Users/jakovivancek/Desktop/Jakov_Ivancek_projekt/Hotel-Mgt.Web/Hotel-Mgt.Web.csproj]
/Users/jakovivancek/Desktop/Jakov_Ivancek_projekt/Hotel-Mgt.Web/Views/Employees/Details.cshtml(1,13): error RZ1017: Unexpected literal following the 'model' directive. Expected 'line break'. [/Users/jakovivancek/Desktop/Jakov_Ivancek_projekt/Hotel-Mgt.Web/Hotel-Mgt.Web.csproj]
/Users/jakovivancek/Desktop/Jakov_Ivancek_projekt/Hotel-Mgt.Web/Views/Employees/Edit.cshtml(1,13): error RZ1017: Unexpected literal following the 'model' directive. Expected 'line break'. [/Users/jakovivancek/Desktop/Jakov_Ivancek_projekt/Hotel-Mgt.Web/Hotel-Mgt.Web.csproj]
/Users/jakovivancek/Desktop/Jakov_Ivancek_projekt/Hotel-Mgt.Web/Views/Employees/_EmployeeForm.cshtml(1,13): error RZ1017: Unexpected literal following the 'model' directive. Expected 'line break'. [/Users/jakovivancek/Desktop/Jakov_Ivancek_projekt/Hotel-Mgt.Web/Hotel-Mgt.Web.csproj]
/Users/jakovivancek/Desktop/Jakov_Ivancek_projekt/Hotel-Mgt.Web/Views/Guests/Create.cshtml(1,13): error RZ1017: Unexpected literal following the 'model' directive. Expected 'line break'. [/Users/jakovivancek/Desktop/Jakov_Ivancek_projekt/Hotel-Mgt.Web/Hotel-Mgt.Web.csproj]
/Users/jakovivancek/Desktop/Jakov_Ivancek_projekt/Hotel-Mgt.Web/Views/Guests/Delete.cshtml(1,13): error RZ1017: Unexpected literal following the 'model' directive. Expected 'line break'. [/Users/jakovivancek/Desktop/Jakov_Ivancek_projekt/Hotel-Mgt.Web/Hotel-Mgt.Web.csproj]
/Users/jakovivancek/Desktop/Jakov_Ivancek_projekt/Hotel-Mgt.Web/Views/Guests/Details.cshtml(1,13): error RZ1017: Unexpected literal following the 'model' directive. Expected 'line break'. [/Users/jakovivancek/Desktop/Jakov_Ivancek_projekt/Hotel-Mgt.Web/Hotel-Mgt.Web.csproj]
/Users/jakovivancek/Desktop/Jakov_Ivancek_projekt/Hotel-Mgt.Web/Views/Guests/Edit.cshtml(1,13): error RZ1017: Unexpected literal following the 'model' directive. Expected 'line break'. [/Users/jakovivancek/Desktop/Jakov_Ivancek_projekt/Hotel-Mgt.Web/Hotel-Mgt.Web.csproj]
/Users/jakovivancek/Desktop/Jakov_Ivancek_projekt/Hotel-Mgt.Web/Views/Guests/_GuestForm.cshtml(1,13): error RZ1017: Unexpected literal following the 'model' directive. Expected 'line break'. [/Users/jakovivancek/Desktop/Jakov_Ivancek_projekt/Hotel-Mgt.Web/Hotel-Mgt.Web.csproj]
/Users/jakovivancek/Desktop/Jakov_Ivancek_projekt/Hotel-Mgt.Web/Views/Home/Index.cshtml(1,13): error RZ1017: Unexpected literal following the 'model' directive. Expected 'line break'. [/Users/jakovivancek/Desktop/Jakov_Ivancek_projekt/Hotel-Mgt.Web/Hotel-Mgt.Web.csproj]
/Users/jakovivancek/Desktop/Jakov_Ivancek_projekt/Hotel-Mgt.Web/Views/Hotels/Create.cshtml(1,13): error RZ1017: Unexpected literal following the 'model' directive. Expected 'line break'. [/Users/jakovivancek/Desktop/Jakov_Ivancek_projekt/Hotel-Mgt.Web/Hotel-Mgt.Web.csproj]
/Users/jakovivancek/Desktop/Jakov_Ivancek_projekt/Hotel-Mgt.Web/Views/Hotels/Delete.cshtml(1,13): error RZ1017: Unexpected literal following the 'model' directive. Expected 'line break'. [/Users/jakovivancek/Desktop/Jakov_Ivancek_projekt/Hotel-Mgt.Web/Hotel-Mgt.Web.csproj]
/Users/jakovivancek/Desktop/Jakov_Ivancek_projekt/Hotel-Mgt.Web/Views/Hotels/Details.cshtml(1,13): error RZ1017: Unexpected literal following the 'model' directive. Expected 'line break'. [/Users/jakovivancek/Desktop/Jakov_Ivancek_projekt/Hotel-Mgt.Web/Hotel-Mgt.Web.csproj]
/Users/jakovivancek/Desktop/Jakov_Ivancek_projekt/Hotel-Mgt.Web/Views/Hotels/Edit.cshtml(1,13): error RZ1017: Unexpected literal following the 'model' directive. Expected 'line break'. [/Users/jakovivancek/Desktop/Jakov_Ivancek_projekt/Hotel-Mgt.Web/Hotel-Mgt.Web.csproj]
/Users/jakovivancek/Desktop/Jakov_Ivancek_projekt/Hotel-Mgt.Web/Views/Hotels/_HotelForm.cshtml(1,13): error RZ1017: Unexpected literal following the 'model' directive. Expected 'line break'. [/Users/jakovivancek/Desktop/Jakov_Ivancek_projekt/Hotel-Mgt.Web/Hotel-Mgt.Web.csproj]
/Users/jakovivancek/Desktop/Jakov_Ivancek_projekt/Hotel-Mgt.Web/Views/Payments/Create.cshtml(1,13): error RZ1017: Unexpected literal following the 'model' directive. Expected 'line break'. [/Users/jakovivancek/Desktop/Jakov_Ivancek_projekt/Hotel-Mgt.Web/Hotel-Mgt.Web.csproj]
/Users/jakovivancek/Desktop/Jakov_Ivancek_projekt/Hotel-Mgt.Web/Views/Payments/Delete.cshtml(1,13): error RZ1017: Unexpected literal following the 'model' directive. Expected 'line break'. [/Users/jakovivancek/Desktop/Jakov_Ivancek_projekt/Hotel-Mgt.Web/Hotel-Mgt.Web.csproj]
/Users/jakovivancek/Desktop/Jakov_Ivancek_projekt/Hotel-Mgt.Web/Views/Payments/Details.cshtml(1,13): error RZ1017: Unexpected literal following the 'model' directive. Expected 'line break'. [/Users/jakovivancek/Desktop/Jakov_Ivancek_projekt/Hotel-Mgt.Web/Hotel-Mgt.Web.csproj]
/Users/jakovivancek/Desktop/Jakov_Ivancek_projekt/Hotel-Mgt.Web/Views/Payments/Edit.cshtml(1,13): error RZ1017: Unexpected literal following the 'model' directive. Expected 'line break'. [/Users/jakovivancek/Desktop/Jakov_Ivancek_projekt/Hotel-Mgt.Web/Hotel-Mgt.Web.csproj]
/Users/jakovivancek/Desktop/Jakov_Ivancek_projekt/Hotel-Mgt.Web/Views/Payments/_PaymentForm.cshtml(1,13): error RZ1017: Unexpected literal following the 'model' directive. Expected 'line break'. [/Users/jakovivancek/Desktop/Jakov_Ivancek_projekt/Hotel-Mgt.Web/Hotel-Mgt.Web.csproj]
/Users/jakovivancek/Desktop/Jakov_Ivancek_projekt/Hotel-Mgt.Web/Views/Reservations/Create.cshtml(1,13): error RZ1017: Unexpected literal following the 'model' directive. Expected 'line break'. [/Users/jakovivancek/Desktop/Jakov_Ivancek_projekt/Hotel-Mgt.Web/Hotel-Mgt.Web.csproj]
/Users/jakovivancek/Desktop/Jakov_Ivancek_projekt/Hotel-Mgt.Web/Views/Reservations/Delete.cshtml(1,13): error RZ1017: Unexpected literal following the 'model' directive. Expected 'line break'. [/Users/jakovivancek/Desktop/Jakov_Ivancek_projekt/Hotel-Mgt.Web/Hotel-Mgt.Web.csproj]
/Users/jakovivancek/Desktop/Jakov_Ivancek_projekt/Hotel-Mgt.Web/Views/Reservations/Details.cshtml(1,13): error RZ1017: Unexpected literal following the 'model' directive. Expected 'line break'. [/Users/jakovivancek/Desktop/Jakov_Ivancek_projekt/Hotel-Mgt.Web/Hotel-Mgt.Web.csproj]
/Users/jakovivancek/Desktop/Jakov_Ivancek_projekt/Hotel-Mgt.Web/Views/Reservations/Edit.cshtml(1,13): error RZ1017: Unexpected literal following the 'model' directive. Expected 'line break'. [/Users/jakovivancek/Desktop/Jakov_Ivancek_projekt/Hotel-Mgt.Web/Hotel-Mgt.Web.csproj]
/Users/jakovivancek/Desktop/Jakov_Ivancek_projekt/Hotel-Mgt.Web/Views/Reservations/_ReservationForm.cshtml(1,13): error RZ1017: Unexpected literal following the 'model' directive. Expected 'line break'. [/Users/jakovivancek/Desktop/Jakov_Ivancek_projekt/Hotel-Mgt.Web/Hotel-Mgt.Web.csproj]
/Users/jakovivancek/Desktop/Jakov_Ivancek_projekt/Hotel-Mgt.Web/Views/Reviews/Create.cshtml(1,13): error RZ1017: Unexpected literal following the 'model' directive. Expected 'line break'. [/Users/jakovivancek/Desktop/Jakov_Ivancek_projekt/Hotel-Mgt.Web/Hotel-Mgt.Web.csproj]
/Users/jakovivancek/Desktop/Jakov_Ivancek_projekt/Hotel-Mgt.Web/Views/Reviews/Delete.cshtml(1,13): error RZ1017: Unexpected literal following the 'model' directive. Expected 'line break'. [/Users/jakovivancek/Desktop/Jakov_Ivancek_projekt/Hotel-Mgt.Web/Hotel-Mgt.Web.csproj]
/Users/jakovivancek/Desktop/Jakov_Ivancek_projekt/Hotel-Mgt.Web/Views/Reviews/Details.cshtml(1,13): error RZ1017: Unexpected literal following the 'model' directive. Expected 'line break'. [/Users/jakovivancek/Desktop/Jakov_Ivancek_projekt/Hotel-Mgt.Web/Hotel-Mgt.Web.csproj]
/Users/jakovivancek/Desktop/Jakov_Ivancek_projekt/Hotel-Mgt.Web/Views/Reviews/Edit.cshtml(1,13): error RZ1017: Unexpected literal following the 'model' directive. Expected 'line break'. [/Users/jakovivancek/Desktop/Jakov_Ivancek_projekt/Hotel-Mgt.Web/Hotel-Mgt.Web.csproj]
/Users/jakovivancek/Desktop/Jakov_Ivancek_projekt/Hotel-Mgt.Web/Views/Reviews/_ReviewForm.cshtml(1,13): error RZ1017: Unexpected literal following the 'model' directive. Expected 'line break'. [/Users/jakovivancek/Desktop/Jakov_Ivancek_projekt/Hotel-Mgt.Web/Hotel-Mgt.Web.csproj]
/Users/jakovivancek/Desktop/Jakov_Ivancek_projekt/Hotel-Mgt.Web/Views/Rooms/Create.cshtml(1,13): error RZ1017: Unexpected literal following the 'model' directive. Expected 'line break'. [/Users/jakovivancek/Desktop/Jakov_Ivancek_projekt/Hotel-Mgt.Web/Hotel-Mgt.Web.csproj]
/Users/jakovivancek/Desktop/Jakov_Ivancek_projekt/Hotel-Mgt.Web/Views/Rooms/Delete.cshtml(1,13): error RZ1017: Unexpected literal following the 'model' directive. Expected 'line break'. [/Users/jakovivancek/Desktop/Jakov_Ivancek_projekt/Hotel-Mgt.Web/Hotel-Mgt.Web.csproj]
/Users/jakovivancek/Desktop/Jakov_Ivancek_projekt/Hotel-Mgt.Web/Views/Rooms/Details.cshtml(1,13): error RZ1017: Unexpected literal following the 'model' directive. Expected 'line break'. [/Users/jakovivancek/Desktop/Jakov_Ivancek_projekt/Hotel-Mgt.Web/Hotel-Mgt.Web.csproj]
/Users/jakovivancek/Desktop/Jakov_Ivancek_projekt/Hotel-Mgt.Web/Views/Rooms/Edit.cshtml(1,13): error RZ1017: Unexpected literal following the 'model' directive. Expected 'line break'. [/Users/jakovivancek/Desktop/Jakov_Ivancek_projekt/Hotel-Mgt.Web/Hotel-Mgt.Web.csproj]
/Users/jakovivancek/Desktop/Jakov_Ivancek_projekt/Hotel-Mgt.Web/Views/Rooms/_RoomForm.cshtml(1,13): error RZ1017: Unexpected literal following the 'model' directive. Expected 'line break'. [/Users/jakovivancek/Desktop/Jakov_Ivancek_projekt/Hotel-Mgt.Web/Hotel-Mgt.Web.csproj]
/Users/jakovivancek/Desktop/Jakov_Ivancek_projekt/Hotel-Mgt.Web/Views/Services/Create.cshtml(1,13): error RZ1017: Unexpected literal following the 'model' directive. Expected 'line break'. [/Users/jakovivancek/Desktop/Jakov_Ivancek_projekt/Hotel-Mgt.Web/Hotel-Mgt.Web.csproj]
/Users/jakovivancek/Desktop/Jakov_Ivancek_projekt/Hotel-Mgt.Web/Views/Services/Delete.cshtml(1,13): error RZ1017: Unexpected literal following the 'model' directive. Expected 'line break'. [/Users/jakovivancek/Desktop/Jakov_Ivancek_projekt/Hotel-Mgt.Web/Hotel-Mgt.Web.csproj]
/Users/jakovivancek/Desktop/Jakov_Ivancek_projekt/Hotel-Mgt.Web/Views/Services/Details.cshtml(1,13): error RZ1017: Unexpected literal following the 'model' directive. Expected 'line break'. [/Users/jakovivancek/Desktop/Jakov_Ivancek_projekt/Hotel-Mgt.Web/Hotel-Mgt.Web.csproj]
/Users/jakovivancek/Desktop/Jakov_Ivancek_projekt/Hotel-Mgt.Web/Views/Services/Edit.cshtml(1,13): error RZ1017: Unexpected literal following the 'model' directive. Expected 'line break'. [/Users/jakovivancek/Desktop/Jakov_Ivancek_projekt/Hotel-Mgt.Web/Hotel-Mgt.Web.csproj]
/Users/jakovivancek/Desktop/Jakov_Ivancek_projekt/Hotel-Mgt.Web/Views/Services/_ServiceForm.cshtml(1,13): error RZ1017: Unexpected literal following the 'model' directive. Expected 'line break'. [/Users/jakovivancek/Desktop/Jakov_Ivancek_projekt/Hotel-Mgt.Web/Hotel-Mgt.Web.csproj]
/Users/jakovivancek/Desktop/Jakov_Ivancek_projekt/Hotel-Mgt.Web/Views/Shared/_AutocompleteDropdown.cshtml(1,13): error RZ1017: Unexpected literal following the 'model' directive. Expected 'line break'. [/Users/jakovivancek/Desktop/Jakov_Ivancek_projekt/Hotel-Mgt.Web/Hotel-Mgt.Web.csproj]
/Users/jakovivancek/Desktop/Jakov_Ivancek_projekt/Hotel-Mgt.Web/Views/Shared/_DateTimePicker.cshtml(1,13): error RZ1017: Unexpected literal following the 'model' directive. Expected 'line break'. [/Users/jakovivancek/Desktop/Jakov_Ivancek_projekt/Hotel-Mgt.Web/Hotel-Mgt.Web.csproj]
/Users/jakovivancek/Desktop/Jakov_Ivancek_projekt/Hotel-Mgt.Web/Views/Rooms/Index.cshtml(1,8): error CS0305: Using the generic type 'IEnumerable<T>' requires 1 type arguments [/Users/jakovivancek/Desktop/Jakov_Ivancek_projekt/Hotel-Mgt.Web/Hotel-Mgt.Web.csproj]
/Users/jakovivancek/Desktop/Jakov_Ivancek_projekt/Hotel-Mgt.Web/Views/Rooms/Index.cshtml(1,26): error CS0246: The type or namespace name 'Mgt' could not be found (are you missing a using directive or an assembly reference?) [/Users/jakovivancek/Desktop/Jakov_Ivancek_projekt/Hotel-Mgt.Web/Hotel-Mgt.Web.csproj]
/Users/jakovivancek/Desktop/Jakov_Ivancek_projekt/Hotel-Mgt.Web/Views/Employees/Index.cshtml(1,8): error CS0305: Using the generic type 'IEnumerable<T>' requires 1 type arguments [/Users/jakovivancek/Desktop/Jakov_Ivancek_projekt/Hotel-Mgt.Web/Hotel-Mgt.Web.csproj]
/Users/jakovivancek/Desktop/Jakov_Ivancek_projekt/Hotel-Mgt.Web/Views/Employees/Index.cshtml(1,26): error CS0246: The type or namespace name 'Mgt' could not be found (are you missing a using directive or an assembly reference?) [/Users/jakovivancek/Desktop/Jakov_Ivancek_projekt/Hotel-Mgt.Web/Hotel-Mgt.Web.csproj]
/Users/jakovivancek/Desktop/Jakov_Ivancek_projekt/Hotel-Mgt.Web/obj/Debug/net10.0/Microsoft.CodeAnalysis.Razor.Compiler/Microsoft.NET.Sdk.Razor.SourceGenerators.RazorSourceGenerator/Views/Rooms/Index_cshtml.g.cs(207,71): error CS0305: Using the generic type 'IEnumerable<T>' requires 1 type arguments [/Users/jakovivancek/Desktop/Jakov_Ivancek_projekt/Hotel-Mgt.Web/Hotel-Mgt.Web.csproj]
/Users/jakovivancek/Desktop/Jakov_Ivancek_projekt/Hotel-Mgt.Web/obj/Debug/net10.0/Microsoft.CodeAnalysis.Razor.Compiler/Microsoft.NET.Sdk.Razor.SourceGenerators.RazorSourceGenerator/Views/Rooms/Index_cshtml.g.cs(207,89): error CS0246: The type or namespace name 'Mgt' could not be found (are you missing a using directive or an assembly reference?) [/Users/jakovivancek/Desktop/Jakov_Ivancek_projekt/Hotel-Mgt.Web/Hotel-Mgt.Web.csproj]
/Users/jakovivancek/Desktop/Jakov_Ivancek_projekt/Hotel-Mgt.Web/Views/Hotels/Index.cshtml(1,8): error CS0305: Using the generic type 'IEnumerable<T>' requires 1 type arguments [/Users/jakovivancek/Desktop/Jakov_Ivancek_projekt/Hotel-Mgt.Web/Hotel-Mgt.Web.csproj]
/Users/jakovivancek/Desktop/Jakov_Ivancek_projekt/Hotel-Mgt.Web/Views/Hotels/Index.cshtml(1,26): error CS0246: The type or namespace name 'Mgt' could not be found (are you missing a using directive or an assembly reference?) [/Users/jakovivancek/Desktop/Jakov_Ivancek_projekt/Hotel-Mgt.Web/Hotel-Mgt.Web.csproj]
/Users/jakovivancek/Desktop/Jakov_Ivancek_projekt/Hotel-Mgt.Web/obj/Debug/net10.0/Microsoft.CodeAnalysis.Razor.Compiler/Microsoft.NET.Sdk.Razor.SourceGenerators.RazorSourceGenerator/Views/Employees/Index_cshtml.g.cs(207,71): error CS0305: Using the generic type 'IEnumerable<T>' requires 1 type arguments [/Users/jakovivancek/Desktop/Jakov_Ivancek_projekt/Hotel-Mgt.Web/Hotel-Mgt.Web.csproj]
/Users/jakovivancek/Desktop/Jakov_Ivancek_projekt/Hotel-Mgt.Web/obj/Debug/net10.0/Microsoft.CodeAnalysis.Razor.Compiler/Microsoft.NET.Sdk.Razor.SourceGenerators.RazorSourceGenerator/Views/Employees/Index_cshtml.g.cs(207,89): error CS0246: The type or namespace name 'Mgt' could not be found (are you missing a using directive or an assembly reference?) [/Users/jakovivancek/Desktop/Jakov_Ivancek_projekt/Hotel-Mgt.Web/Hotel-Mgt.Web.csproj]
/Users/jakovivancek/Desktop/Jakov_Ivancek_projekt/Hotel-Mgt.Web/Views/Reservations/Index.cshtml(1,8): error CS0305: Using the generic type 'IEnumerable<T>' requires 1 type arguments [/Users/jakovivancek/Desktop/Jakov_Ivancek_projekt/Hotel-Mgt.Web/Hotel-Mgt.Web.csproj]
/Users/jakovivancek/Desktop/Jakov_Ivancek_projekt/Hotel-Mgt.Web/Views/Reservations/Index.cshtml(1,26): error CS0246: The type or namespace name 'Mgt' could not be found (are you missing a using directive or an assembly reference?) [/Users/jakovivancek/Desktop/Jakov_Ivancek_projekt/Hotel-Mgt.Web/Hotel-Mgt.Web.csproj]
/Users/jakovivancek/Desktop/Jakov_Ivancek_projekt/Hotel-Mgt.Web/obj/Debug/net10.0/Microsoft.CodeAnalysis.Razor.Compiler/Microsoft.NET.Sdk.Razor.SourceGenerators.RazorSourceGenerator/Views/Hotels/Index_cshtml.g.cs(207,71): error CS0305: Using the generic type 'IEnumerable<T>' requires 1 type arguments [/Users/jakovivancek/Desktop/Jakov_Ivancek_projekt/Hotel-Mgt.Web/Hotel-Mgt.Web.csproj]
/Users/jakovivancek/Desktop/Jakov_Ivancek_projekt/Hotel-Mgt.Web/obj/Debug/net10.0/Microsoft.CodeAnalysis.Razor.Compiler/Microsoft.NET.Sdk.Razor.SourceGenerators.RazorSourceGenerator/Views/Hotels/Index_cshtml.g.cs(207,89): error CS0246: The type or namespace name 'Mgt' could not be found (are you missing a using directive or an assembly reference?) [/Users/jakovivancek/Desktop/Jakov_Ivancek_projekt/Hotel-Mgt.Web/Hotel-Mgt.Web.csproj]
/Users/jakovivancek/Desktop/Jakov_Ivancek_projekt/Hotel-Mgt.Web/Views/Employees/_EmployeesTable.cshtml(1,8): error CS0305: Using the generic type 'IEnumerable<T>' requires 1 type arguments [/Users/jakovivancek/Desktop/Jakov_Ivancek_projekt/Hotel-Mgt.Web/Hotel-Mgt.Web.csproj]
/Users/jakovivancek/Desktop/Jakov_Ivancek_projekt/Hotel-Mgt.Web/Views/Employees/_EmployeesTable.cshtml(1,26): error CS0246: The type or namespace name 'Mgt' could not be found (are you missing a using directive or an assembly reference?) [/Users/jakovivancek/Desktop/Jakov_Ivancek_projekt/Hotel-Mgt.Web/Hotel-Mgt.Web.csproj]
/Users/jakovivancek/Desktop/Jakov_Ivancek_projekt/Hotel-Mgt.Web/obj/Debug/net10.0/Microsoft.CodeAnalysis.Razor.Compiler/Microsoft.NET.Sdk.Razor.SourceGenerators.RazorSourceGenerator/Views/Reservations/Index_cshtml.g.cs(207,71): error CS0305: Using the generic type 'IEnumerable<T>' requires 1 type arguments [/Users/jakovivancek/Desktop/Jakov_Ivancek_projekt/Hotel-Mgt.Web/Hotel-Mgt.Web.csproj]
/Users/jakovivancek/Desktop/Jakov_Ivancek_projekt/Hotel-Mgt.Web/obj/Debug/net10.0/Microsoft.CodeAnalysis.Razor.Compiler/Microsoft.NET.Sdk.Razor.SourceGenerators.RazorSourceGenerator/Views/Reservations/Index_cshtml.g.cs(207,89): error CS0246: The type or namespace name 'Mgt' could not be found (are you missing a using directive or an assembly reference?) [/Users/jakovivancek/Desktop/Jakov_Ivancek_projekt/Hotel-Mgt.Web/Hotel-Mgt.Web.csproj]
/Users/jakovivancek/Desktop/Jakov_Ivancek_projekt/Hotel-Mgt.Web/Views/Hotels/_HotelsTable.cshtml(1,8): error CS0305: Using the generic type 'IEnumerable<T>' requires 1 type arguments [/Users/jakovivancek/Desktop/Jakov_Ivancek_projekt/Hotel-Mgt.Web/Hotel-Mgt.Web.csproj]
/Users/jakovivancek/Desktop/Jakov_Ivancek_projekt/Hotel-Mgt.Web/Views/Hotels/_HotelsTable.cshtml(1,26): error CS0246: The type or namespace name 'Mgt' could not be found (are you missing a using directive or an assembly reference?) [/Users/jakovivancek/Desktop/Jakov_Ivancek_projekt/Hotel-Mgt.Web/Hotel-Mgt.Web.csproj]
/Users/jakovivancek/Desktop/Jakov_Ivancek_projekt/Hotel-Mgt.Web/Views/Guests/Index.cshtml(1,8): error CS0305: Using the generic type 'IEnumerable<T>' requires 1 type arguments [/Users/jakovivancek/Desktop/Jakov_Ivancek_projekt/Hotel-Mgt.Web/Hotel-Mgt.Web.csproj]
/Users/jakovivancek/Desktop/Jakov_Ivancek_projekt/Hotel-Mgt.Web/Views/Guests/Index.cshtml(1,26): error CS0246: The type or namespace name 'Mgt' could not be found (are you missing a using directive or an assembly reference?) [/Users/jakovivancek/Desktop/Jakov_Ivancek_projekt/Hotel-Mgt.Web/Hotel-Mgt.Web.csproj]
/Users/jakovivancek/Desktop/Jakov_Ivancek_projekt/Hotel-Mgt.Web/obj/Debug/net10.0/Microsoft.CodeAnalysis.Razor.Compiler/Microsoft.NET.Sdk.Razor.SourceGenerators.RazorSourceGenerator/Views/Employees/_EmployeesTable_cshtml.g.cs(284,71): error CS0305: Using the generic type 'IEnumerable<T>' requires 1 type arguments [/Users/jakovivancek/Desktop/Jakov_Ivancek_projekt/Hotel-Mgt.Web/Hotel-Mgt.Web.csproj]
/Users/jakovivancek/Desktop/Jakov_Ivancek_projekt/Hotel-Mgt.Web/obj/Debug/net10.0/Microsoft.CodeAnalysis.Razor.Compiler/Microsoft.NET.Sdk.Razor.SourceGenerators.RazorSourceGenerator/Views/Employees/_EmployeesTable_cshtml.g.cs(284,89): error CS0246: The type or namespace name 'Mgt' could not be found (are you missing a using directive or an assembly reference?) [/Users/jakovivancek/Desktop/Jakov_Ivancek_projekt/Hotel-Mgt.Web/Hotel-Mgt.Web.csproj]
/Users/jakovivancek/Desktop/Jakov_Ivancek_projekt/Hotel-Mgt.Web/obj/Debug/net10.0/Microsoft.CodeAnalysis.Razor.Compiler/Microsoft.NET.Sdk.Razor.SourceGenerators.RazorSourceGenerator/Views/Hotels/_HotelsTable_cshtml.g.cs(284,71): error CS0305: Using the generic type 'IEnumerable<T>' requires 1 type arguments [/Users/jakovivancek/Desktop/Jakov_Ivancek_projekt/Hotel-Mgt.Web/Hotel-Mgt.Web.csproj]
/Users/jakovivancek/Desktop/Jakov_Ivancek_projekt/Hotel-Mgt.Web/obj/Debug/net10.0/Microsoft.CodeAnalysis.Razor.Compiler/Microsoft.NET.Sdk.Razor.SourceGenerators.RazorSourceGenerator/Views/Hotels/_HotelsTable_cshtml.g.cs(284,89): error CS0246: The type or namespace name 'Mgt' could not be found (are you missing a using directive or an assembly reference?) [/Users/jakovivancek/Desktop/Jakov_Ivancek_projekt/Hotel-Mgt.Web/Hotel-Mgt.Web.csproj]
/Users/jakovivancek/Desktop/Jakov_Ivancek_projekt/Hotel-Mgt.Web/Views/Services/_ServicesTable.cshtml(1,8): error CS0305: Using the generic type 'IEnumerable<T>' requires 1 type arguments [/Users/jakovivancek/Desktop/Jakov_Ivancek_projekt/Hotel-Mgt.Web/Hotel-Mgt.Web.csproj]
/Users/jakovivancek/Desktop/Jakov_Ivancek_projekt/Hotel-Mgt.Web/Views/Services/_ServicesTable.cshtml(1,26): error CS0246: The type or namespace name 'Mgt' could not be found (are you missing a using directive or an assembly reference?) [/Users/jakovivancek/Desktop/Jakov_Ivancek_projekt/Hotel-Mgt.Web/Hotel-Mgt.Web.csproj]
/Users/jakovivancek/Desktop/Jakov_Ivancek_projekt/Hotel-Mgt.Web/obj/Debug/net10.0/Microsoft.CodeAnalysis.Razor.Compiler/Microsoft.NET.Sdk.Razor.SourceGenerators.RazorSourceGenerator/Views/Guests/Index_cshtml.g.cs(207,71): error CS0305: Using the generic type 'IEnumerable<T>' requires 1 type arguments [/Users/jakovivancek/Desktop/Jakov_Ivancek_projekt/Hotel-Mgt.Web/Hotel-Mgt.Web.csproj]
/Users/jakovivancek/Desktop/Jakov_Ivancek_projekt/Hotel-Mgt.Web/obj/Debug/net10.0/Microsoft.CodeAnalysis.Razor.Compiler/Microsoft.NET.Sdk.Razor.SourceGenerators.RazorSourceGenerator/Views/Guests/Index_cshtml.g.cs(207,89): error CS0246: The type or namespace name 'Mgt' could not be found (are you missing a using directive or an assembly reference?) [/Users/jakovivancek/Desktop/Jakov_Ivancek_projekt/Hotel-Mgt.Web/Hotel-Mgt.Web.csproj]
/Users/jakovivancek/Desktop/Jakov_Ivancek_projekt/Hotel-Mgt.Web/Views/Reviews/Index.cshtml(1,8): error CS0305: Using the generic type 'IEnumerable<T>' requires 1 type arguments [/Users/jakovivancek/Desktop/Jakov_Ivancek_projekt/Hotel-Mgt.Web/Hotel-Mgt.Web.csproj]
/Users/jakovivancek/Desktop/Jakov_Ivancek_projekt/Hotel-Mgt.Web/Views/Reviews/Index.cshtml(1,26): error CS0246: The type or namespace name 'Mgt' could not be found (are you missing a using directive or an assembly reference?) [/Users/jakovivancek/Desktop/Jakov_Ivancek_projekt/Hotel-Mgt.Web/Hotel-Mgt.Web.csproj]
/Users/jakovivancek/Desktop/Jakov_Ivancek_projekt/Hotel-Mgt.Web/Views/Rooms/_RoomsTable.cshtml(1,8): error CS0305: Using the generic type 'IEnumerable<T>' requires 1 type arguments [/Users/jakovivancek/Desktop/Jakov_Ivancek_projekt/Hotel-Mgt.Web/Hotel-Mgt.Web.csproj]
/Users/jakovivancek/Desktop/Jakov_Ivancek_projekt/Hotel-Mgt.Web/Views/Rooms/_RoomsTable.cshtml(1,26): error CS0246: The type or namespace name 'Mgt' could not be found (are you missing a using directive or an assembly reference?) [/Users/jakovivancek/Desktop/Jakov_Ivancek_projekt/Hotel-Mgt.Web/Hotel-Mgt.Web.csproj]
/Users/jakovivancek/Desktop/Jakov_Ivancek_projekt/Hotel-Mgt.Web/obj/Debug/net10.0/Microsoft.CodeAnalysis.Razor.Compiler/Microsoft.NET.Sdk.Razor.SourceGenerators.RazorSourceGenerator/Views/Services/_ServicesTable_cshtml.g.cs(287,71): error CS0305: Using the generic type 'IEnumerable<T>' requires 1 type arguments [/Users/jakovivancek/Desktop/Jakov_Ivancek_projekt/Hotel-Mgt.Web/Hotel-Mgt.Web.csproj]
/Users/jakovivancek/Desktop/Jakov_Ivancek_projekt/Hotel-Mgt.Web/obj/Debug/net10.0/Microsoft.CodeAnalysis.Razor.Compiler/Microsoft.NET.Sdk.Razor.SourceGenerators.RazorSourceGenerator/Views/Services/_ServicesTable_cshtml.g.cs(287,89): error CS0246: The type or namespace name 'Mgt' could not be found (are you missing a using directive or an assembly reference?) [/Users/jakovivancek/Desktop/Jakov_Ivancek_projekt/Hotel-Mgt.Web/Hotel-Mgt.Web.csproj]
/Users/jakovivancek/Desktop/Jakov_Ivancek_projekt/Hotel-Mgt.Web/obj/Debug/net10.0/Microsoft.CodeAnalysis.Razor.Compiler/Microsoft.NET.Sdk.Razor.SourceGenerators.RazorSourceGenerator/Views/Reviews/Index_cshtml.g.cs(207,71): error CS0305: Using the generic type 'IEnumerable<T>' requires 1 type arguments [/Users/jakovivancek/Desktop/Jakov_Ivancek_projekt/Hotel-Mgt.Web/Hotel-Mgt.Web.csproj]
/Users/jakovivancek/Desktop/Jakov_Ivancek_projekt/Hotel-Mgt.Web/obj/Debug/net10.0/Microsoft.CodeAnalysis.Razor.Compiler/Microsoft.NET.Sdk.Razor.SourceGenerators.RazorSourceGenerator/Views/Reviews/Index_cshtml.g.cs(207,89): error CS0246: The type or namespace name 'Mgt' could not be found (are you missing a using directive or an assembly reference?) [/Users/jakovivancek/Desktop/Jakov_Ivancek_projekt/Hotel-Mgt.Web/Hotel-Mgt.Web.csproj]
/Users/jakovivancek/Desktop/Jakov_Ivancek_projekt/Hotel-Mgt.Web/obj/Debug/net10.0/Microsoft.CodeAnalysis.Razor.Compiler/Microsoft.NET.Sdk.Razor.SourceGenerators.RazorSourceGenerator/Views/Rooms/_RoomsTable_cshtml.g.cs(321,71): error CS0305: Using the generic type 'IEnumerable<T>' requires 1 type arguments [/Users/jakovivancek/Desktop/Jakov_Ivancek_projekt/Hotel-Mgt.Web/Hotel-Mgt.Web.csproj]
/Users/jakovivancek/Desktop/Jakov_Ivancek_projekt/Hotel-Mgt.Web/obj/Debug/net10.0/Microsoft.CodeAnalysis.Razor.Compiler/Microsoft.NET.Sdk.Razor.SourceGenerators.RazorSourceGenerator/Views/Rooms/_RoomsTable_cshtml.g.cs(321,89): error CS0246: The type or namespace name 'Mgt' could not be found (are you missing a using directive or an assembly reference?) [/Users/jakovivancek/Desktop/Jakov_Ivancek_projekt/Hotel-Mgt.Web/Hotel-Mgt.Web.csproj]
/Users/jakovivancek/Desktop/Jakov_Ivancek_projekt/Hotel-Mgt.Web/Views/Reviews/_ReviewsTable.cshtml(1,8): error CS0305: Using the generic type 'IEnumerable<T>' requires 1 type arguments [/Users/jakovivancek/Desktop/Jakov_Ivancek_projekt/Hotel-Mgt.Web/Hotel-Mgt.Web.csproj]
/Users/jakovivancek/Desktop/Jakov_Ivancek_projekt/Hotel-Mgt.Web/Views/Reviews/_ReviewsTable.cshtml(1,26): error CS0246: The type or namespace name 'Mgt' could not be found (are you missing a using directive or an assembly reference?) [/Users/jakovivancek/Desktop/Jakov_Ivancek_projekt/Hotel-Mgt.Web/Hotel-Mgt.Web.csproj]
/Users/jakovivancek/Desktop/Jakov_Ivancek_projekt/Hotel-Mgt.Web/Views/Reservations/_ReservationsTable.cshtml(1,8): error CS0305: Using the generic type 'IEnumerable<T>' requires 1 type arguments [/Users/jakovivancek/Desktop/Jakov_Ivancek_projekt/Hotel-Mgt.Web/Hotel-Mgt.Web.csproj]
/Users/jakovivancek/Desktop/Jakov_Ivancek_projekt/Hotel-Mgt.Web/Views/Reservations/_ReservationsTable.cshtml(1,26): error CS0246: The type or namespace name 'Mgt' could not be found (are you missing a using directive or an assembly reference?) [/Users/jakovivancek/Desktop/Jakov_Ivancek_projekt/Hotel-Mgt.Web/Hotel-Mgt.Web.csproj]
/Users/jakovivancek/Desktop/Jakov_Ivancek_projekt/Hotel-Mgt.Web/Views/Payments/Index.cshtml(1,8): error CS0305: Using the generic type 'IEnumerable<T>' requires 1 type arguments [/Users/jakovivancek/Desktop/Jakov_Ivancek_projekt/Hotel-Mgt.Web/Hotel-Mgt.Web.csproj]
/Users/jakovivancek/Desktop/Jakov_Ivancek_projekt/Hotel-Mgt.Web/Views/Payments/Index.cshtml(1,26): error CS0246: The type or namespace name 'Mgt' could not be found (are you missing a using directive or an assembly reference?) [/Users/jakovivancek/Desktop/Jakov_Ivancek_projekt/Hotel-Mgt.Web/Hotel-Mgt.Web.csproj]
/Users/jakovivancek/Desktop/Jakov_Ivancek_projekt/Hotel-Mgt.Web/obj/Debug/net10.0/Microsoft.CodeAnalysis.Razor.Compiler/Microsoft.NET.Sdk.Razor.SourceGenerators.RazorSourceGenerator/Views/Reviews/_ReviewsTable_cshtml.g.cs(294,71): error CS0305: Using the generic type 'IEnumerable<T>' requires 1 type arguments [/Users/jakovivancek/Desktop/Jakov_Ivancek_projekt/Hotel-Mgt.Web/Hotel-Mgt.Web.csproj]
/Users/jakovivancek/Desktop/Jakov_Ivancek_projekt/Hotel-Mgt.Web/obj/Debug/net10.0/Microsoft.CodeAnalysis.Razor.Compiler/Microsoft.NET.Sdk.Razor.SourceGenerators.RazorSourceGenerator/Views/Reviews/_ReviewsTable_cshtml.g.cs(294,89): error CS0246: The type or namespace name 'Mgt' could not be found (are you missing a using directive or an assembly reference?) [/Users/jakovivancek/Desktop/Jakov_Ivancek_projekt/Hotel-Mgt.Web/Hotel-Mgt.Web.csproj]
/Users/jakovivancek/Desktop/Jakov_Ivancek_projekt/Hotel-Mgt.Web/obj/Debug/net10.0/Microsoft.CodeAnalysis.Razor.Compiler/Microsoft.NET.Sdk.Razor.SourceGenerators.RazorSourceGenerator/Views/Reservations/_ReservationsTable_cshtml.g.cs(340,71): error CS0305: Using the generic type 'IEnumerable<T>' requires 1 type arguments [/Users/jakovivancek/Desktop/Jakov_Ivancek_projekt/Hotel-Mgt.Web/Hotel-Mgt.Web.csproj]
/Users/jakovivancek/Desktop/Jakov_Ivancek_projekt/Hotel-Mgt.Web/obj/Debug/net10.0/Microsoft.CodeAnalysis.Razor.Compiler/Microsoft.NET.Sdk.Razor.SourceGenerators.RazorSourceGenerator/Views/Reservations/_ReservationsTable_cshtml.g.cs(340,89): error CS0246: The type or namespace name 'Mgt' could not be found (are you missing a using directive or an assembly reference?) [/Users/jakovivancek/Desktop/Jakov_Ivancek_projekt/Hotel-Mgt.Web/Hotel-Mgt.Web.csproj]
/Users/jakovivancek/Desktop/Jakov_Ivancek_projekt/Hotel-Mgt.Web/obj/Debug/net10.0/Microsoft.CodeAnalysis.Razor.Compiler/Microsoft.NET.Sdk.Razor.SourceGenerators.RazorSourceGenerator/Views/Payments/Index_cshtml.g.cs(207,71): error CS0305: Using the generic type 'IEnumerable<T>' requires 1 type arguments [/Users/jakovivancek/Desktop/Jakov_Ivancek_projekt/Hotel-Mgt.Web/Hotel-Mgt.Web.csproj]
/Users/jakovivancek/Desktop/Jakov_Ivancek_projekt/Hotel-Mgt.Web/obj/Debug/net10.0/Microsoft.CodeAnalysis.Razor.Compiler/Microsoft.NET.Sdk.Razor.SourceGenerators.RazorSourceGenerator/Views/Payments/Index_cshtml.g.cs(207,89): error CS0246: The type or namespace name 'Mgt' could not be found (are you missing a using directive or an assembly reference?) [/Users/jakovivancek/Desktop/Jakov_Ivancek_projekt/Hotel-Mgt.Web/Hotel-Mgt.Web.csproj]
/Users/jakovivancek/Desktop/Jakov_Ivancek_projekt/Hotel-Mgt.Web/Views/Guests/_GuestsTable.cshtml(1,8): error CS0305: Using the generic type 'IEnumerable<T>' requires 1 type arguments [/Users/jakovivancek/Desktop/Jakov_Ivancek_projekt/Hotel-Mgt.Web/Hotel-Mgt.Web.csproj]
/Users/jakovivancek/Desktop/Jakov_Ivancek_projekt/Hotel-Mgt.Web/Views/Guests/_GuestsTable.cshtml(1,26): error CS0246: The type or namespace name 'Mgt' could not be found (are you missing a using directive or an assembly reference?) [/Users/jakovivancek/Desktop/Jakov_Ivancek_projekt/Hotel-Mgt.Web/Hotel-Mgt.Web.csproj]
/Users/jakovivancek/Desktop/Jakov_Ivancek_projekt/Hotel-Mgt.Web/Views/Services/Index.cshtml(1,8): error CS0305: Using the generic type 'IEnumerable<T>' requires 1 type arguments [/Users/jakovivancek/Desktop/Jakov_Ivancek_projekt/Hotel-Mgt.Web/Hotel-Mgt.Web.csproj]
/Users/jakovivancek/Desktop/Jakov_Ivancek_projekt/Hotel-Mgt.Web/Views/Services/Index.cshtml(1,26): error CS0246: The type or namespace name 'Mgt' could not be found (are you missing a using directive or an assembly reference?) [/Users/jakovivancek/Desktop/Jakov_Ivancek_projekt/Hotel-Mgt.Web/Hotel-Mgt.Web.csproj]
/Users/jakovivancek/Desktop/Jakov_Ivancek_projekt/Hotel-Mgt.Web/obj/Debug/net10.0/Microsoft.CodeAnalysis.Razor.Compiler/Microsoft.NET.Sdk.Razor.SourceGenerators.RazorSourceGenerator/Views/Guests/_GuestsTable_cshtml.g.cs(284,71): error CS0305: Using the generic type 'IEnumerable<T>' requires 1 type arguments [/Users/jakovivancek/Desktop/Jakov_Ivancek_projekt/Hotel-Mgt.Web/Hotel-Mgt.Web.csproj]
/Users/jakovivancek/Desktop/Jakov_Ivancek_projekt/Hotel-Mgt.Web/obj/Debug/net10.0/Microsoft.CodeAnalysis.Razor.Compiler/Microsoft.NET.Sdk.Razor.SourceGenerators.RazorSourceGenerator/Views/Guests/_GuestsTable_cshtml.g.cs(284,89): error CS0246: The type or namespace name 'Mgt' could not be found (are you missing a using directive or an assembly reference?) [/Users/jakovivancek/Desktop/Jakov_Ivancek_projekt/Hotel-Mgt.Web/Hotel-Mgt.Web.csproj]
/Users/jakovivancek/Desktop/Jakov_Ivancek_projekt/Hotel-Mgt.Web/obj/Debug/net10.0/Microsoft.CodeAnalysis.Razor.Compiler/Microsoft.NET.Sdk.Razor.SourceGenerators.RazorSourceGenerator/Views/Services/Index_cshtml.g.cs(207,71): error CS0305: Using the generic type 'IEnumerable<T>' requires 1 type arguments [/Users/jakovivancek/Desktop/Jakov_Ivancek_projekt/Hotel-Mgt.Web/Hotel-Mgt.Web.csproj]
/Users/jakovivancek/Desktop/Jakov_Ivancek_projekt/Hotel-Mgt.Web/obj/Debug/net10.0/Microsoft.CodeAnalysis.Razor.Compiler/Microsoft.NET.Sdk.Razor.SourceGenerators.RazorSourceGenerator/Views/Services/Index_cshtml.g.cs(207,89): error CS0246: The type or namespace name 'Mgt' could not be found (are you missing a using directive or an assembly reference?) [/Users/jakovivancek/Desktop/Jakov_Ivancek_projekt/Hotel-Mgt.Web/Hotel-Mgt.Web.csproj]
/Users/jakovivancek/Desktop/Jakov_Ivancek_projekt/Hotel-Mgt.Web/Views/Payments/_PaymentsTable.cshtml(1,8): error CS0305: Using the generic type 'IEnumerable<T>' requires 1 type arguments [/Users/jakovivancek/Desktop/Jakov_Ivancek_projekt/Hotel-Mgt.Web/Hotel-Mgt.Web.csproj]
/Users/jakovivancek/Desktop/Jakov_Ivancek_projekt/Hotel-Mgt.Web/Views/Payments/_PaymentsTable.cshtml(1,26): error CS0246: The type or namespace name 'Mgt' could not be found (are you missing a using directive or an assembly reference?) [/Users/jakovivancek/Desktop/Jakov_Ivancek_projekt/Hotel-Mgt.Web/Hotel-Mgt.Web.csproj]
/Users/jakovivancek/Desktop/Jakov_Ivancek_projekt/Hotel-Mgt.Web/obj/Debug/net10.0/Microsoft.CodeAnalysis.Razor.Compiler/Microsoft.NET.Sdk.Razor.SourceGenerators.RazorSourceGenerator/Views/Payments/_PaymentsTable_cshtml.g.cs(310,71): error CS0305: Using the generic type 'IEnumerable<T>' requires 1 type arguments [/Users/jakovivancek/Desktop/Jakov_Ivancek_projekt/Hotel-Mgt.Web/Hotel-Mgt.Web.csproj]
/Users/jakovivancek/Desktop/Jakov_Ivancek_projekt/Hotel-Mgt.Web/obj/Debug/net10.0/Microsoft.CodeAnalysis.Razor.Compiler/Microsoft.NET.Sdk.Razor.SourceGenerators.RazorSourceGenerator/Views/Payments/_PaymentsTable_cshtml.g.cs(310,89): error CS0246: The type or namespace name 'Mgt' could not be found (are you missing a using directive or an assembly reference?) [/Users/jakovivancek/Desktop/Jakov_Ivancek_projekt/Hotel-Mgt.Web/Hotel-Mgt.Web.csproj]

Build FAILED.

/Users/jakovivancek/Desktop/Jakov_Ivancek_projekt/Hotel-Mgt.Web/Views/Employees/Create.cshtml(1,13): error RZ1017: Unexpected literal following the 'model' directive. Expected 'line break'. [/Users/jakovivancek/Desktop/Jakov_Ivancek_projekt/Hotel-Mgt.Web/Hotel-Mgt.Web.csproj]
/Users/jakovivancek/Desktop/Jakov_Ivancek_projekt/Hotel-Mgt.Web/Views/Employees/Delete.cshtml(1,13): error RZ1017: Unexpected literal following the 'model' directive. Expected 'line break'. [/Users/jakovivancek/Desktop/Jakov_Ivancek_projekt/Hotel-Mgt.Web/Hotel-Mgt.Web.csproj]
/Users/jakovivancek/Desktop/Jakov_Ivancek_projekt/Hotel-Mgt.Web/Views/Employees/Details.cshtml(1,13): error RZ1017: Unexpected literal following the 'model' directive. Expected 'line break'. [/Users/jakovivancek/Desktop/Jakov_Ivancek_projekt/Hotel-Mgt.Web/Hotel-Mgt.Web.csproj]
/Users/jakovivancek/Desktop/Jakov_Ivancek_projekt/Hotel-Mgt.Web/Views/Employees/Edit.cshtml(1,13): error RZ1017: Unexpected literal following the 'model' directive. Expected 'line break'. [/Users/jakovivancek/Desktop/Jakov_Ivancek_projekt/Hotel-Mgt.Web/Hotel-Mgt.Web.csproj]
/Users/jakovivancek/Desktop/Jakov_Ivancek_projekt/Hotel-Mgt.Web/Views/Employees/_EmployeeForm.cshtml(1,13): error RZ1017: Unexpected literal following the 'model' directive. Expected 'line break'. [/Users/jakovivancek/Desktop/Jakov_Ivancek_projekt/Hotel-Mgt.Web/Hotel-Mgt.Web.csproj]
/Users/jakovivancek/Desktop/Jakov_Ivancek_projekt/Hotel-Mgt.Web/Views/Guests/Create.cshtml(1,13): error RZ1017: Unexpected literal following the 'model' directive. Expected 'line break'. [/Users/jakovivancek/Desktop/Jakov_Ivancek_projekt/Hotel-Mgt.Web/Hotel-Mgt.Web.csproj]
/Users/jakovivancek/Desktop/Jakov_Ivancek_projekt/Hotel-Mgt.Web/Views/Guests/Delete.cshtml(1,13): error RZ1017: Unexpected literal following the 'model' directive. Expected 'line break'. [/Users/jakovivancek/Desktop/Jakov_Ivancek_projekt/Hotel-Mgt.Web/Hotel-Mgt.Web.csproj]
/Users/jakovivancek/Desktop/Jakov_Ivancek_projekt/Hotel-Mgt.Web/Views/Guests/Details.cshtml(1,13): error RZ1017: Unexpected literal following the 'model' directive. Expected 'line break'. [/Users/jakovivancek/Desktop/Jakov_Ivancek_projekt/Hotel-Mgt.Web/Hotel-Mgt.Web.csproj]
/Users/jakovivancek/Desktop/Jakov_Ivancek_projekt/Hotel-Mgt.Web/Views/Guests/Edit.cshtml(1,13): error RZ1017: Unexpected literal following the 'model' directive. Expected 'line break'. [/Users/jakovivancek/Desktop/Jakov_Ivancek_projekt/Hotel-Mgt.Web/Hotel-Mgt.Web.csproj]
/Users/jakovivancek/Desktop/Jakov_Ivancek_projekt/Hotel-Mgt.Web/Views/Guests/_GuestForm.cshtml(1,13): error RZ1017: Unexpected literal following the 'model' directive. Expected 'line break'. [/Users/jakovivancek/Desktop/Jakov_Ivancek_projekt/Hotel-Mgt.Web/Hotel-Mgt.Web.csproj]
/Users/jakovivancek/Desktop/Jakov_Ivancek_projekt/Hotel-Mgt.Web/Views/Home/Index.cshtml(1,13): error RZ1017: Unexpected literal following the 'model' directive. Expected 'line break'. [/Users/jakovivancek/Desktop/Jakov_Ivancek_projekt/Hotel-Mgt.Web/Hotel-Mgt.Web.csproj]
/Users/jakovivancek/Desktop/Jakov_Ivancek_projekt/Hotel-Mgt.Web/Views/Hotels/Create.cshtml(1,13): error RZ1017: Unexpected literal following the 'model' directive. Expected 'line break'. [/Users/jakovivancek/Desktop/Jakov_Ivancek_projekt/Hotel-Mgt.Web/Hotel-Mgt.Web.csproj]
/Users/jakovivancek/Desktop/Jakov_Ivancek_projekt/Hotel-Mgt.Web/Views/Hotels/Delete.cshtml(1,13): error RZ1017: Unexpected literal following the 'model' directive. Expected 'line break'. [/Users/jakovivancek/Desktop/Jakov_Ivancek_projekt/Hotel-Mgt.Web/Hotel-Mgt.Web.csproj]
/Users/jakovivancek/Desktop/Jakov_Ivancek_projekt/Hotel-Mgt.Web/Views/Hotels/Details.cshtml(1,13): error RZ1017: Unexpected literal following the 'model' directive. Expected 'line break'. [/Users/jakovivancek/Desktop/Jakov_Ivancek_projekt/Hotel-Mgt.Web/Hotel-Mgt.Web.csproj]
/Users/jakovivancek/Desktop/Jakov_Ivancek_projekt/Hotel-Mgt.Web/Views/Hotels/Edit.cshtml(1,13): error RZ1017: Unexpected literal following the 'model' directive. Expected 'line break'. [/Users/jakovivancek/Desktop/Jakov_Ivancek_projekt/Hotel-Mgt.Web/Hotel-Mgt.Web.csproj]
/Users/jakovivancek/Desktop/Jakov_Ivancek_projekt/Hotel-Mgt.Web/Views/Hotels/_HotelForm.cshtml(1,13): error RZ1017: Unexpected literal following the 'model' directive. Expected 'line break'. [/Users/jakovivancek/Desktop/Jakov_Ivancek_projekt/Hotel-Mgt.Web/Hotel-Mgt.Web.csproj]
/Users/jakovivancek/Desktop/Jakov_Ivancek_projekt/Hotel-Mgt.Web/Views/Payments/Create.cshtml(1,13): error RZ1017: Unexpected literal following the 'model' directive. Expected 'line break'. [/Users/jakovivancek/Desktop/Jakov_Ivancek_projekt/Hotel-Mgt.Web/Hotel-Mgt.Web.csproj]
/Users/jakovivancek/Desktop/Jakov_Ivancek_projekt/Hotel-Mgt.Web/Views/Payments/Delete.cshtml(1,13): error RZ1017: Unexpected literal following the 'model' directive. Expected 'line break'. [/Users/jakovivancek/Desktop/Jakov_Ivancek_projekt/Hotel-Mgt.Web/Hotel-Mgt.Web.csproj]
/Users/jakovivancek/Desktop/Jakov_Ivancek_projekt/Hotel-Mgt.Web/Views/Payments/Details.cshtml(1,13): error RZ1017: Unexpected literal following the 'model' directive. Expected 'line break'. [/Users/jakovivancek/Desktop/Jakov_Ivancek_projekt/Hotel-Mgt.Web/Hotel-Mgt.Web.csproj]
/Users/jakovivancek/Desktop/Jakov_Ivancek_projekt/Hotel-Mgt.Web/Views/Payments/Edit.cshtml(1,13): error RZ1017: Unexpected literal following the 'model' directive. Expected 'line break'. [/Users/jakovivancek/Desktop/Jakov_Ivancek_projekt/Hotel-Mgt.Web/Hotel-Mgt.Web.csproj]
/Users/jakovivancek/Desktop/Jakov_Ivancek_projekt/Hotel-Mgt.Web/Views/Payments/_PaymentForm.cshtml(1,13): error RZ1017: Unexpected literal following the 'model' directive. Expected 'line break'. [/Users/jakovivancek/Desktop/Jakov_Ivancek_projekt/Hotel-Mgt.Web/Hotel-Mgt.Web.csproj]
/Users/jakovivancek/Desktop/Jakov_Ivancek_projekt/Hotel-Mgt.Web/Views/Reservations/Create.cshtml(1,13): error RZ1017: Unexpected literal following the 'model' directive. Expected 'line break'. [/Users/jakovivancek/Desktop/Jakov_Ivancek_projekt/Hotel-Mgt.Web/Hotel-Mgt.Web.csproj]
/Users/jakovivancek/Desktop/Jakov_Ivancek_projekt/Hotel-Mgt.Web/Views/Reservations/Delete.cshtml(1,13): error RZ1017: Unexpected literal following the 'model' directive. Expected 'line break'. [/Users/jakovivancek/Desktop/Jakov_Ivancek_projekt/Hotel-Mgt.Web/Hotel-Mgt.Web.csproj]
/Users/jakovivancek/Desktop/Jakov_Ivancek_projekt/Hotel-Mgt.Web/Views/Reservations/Details.cshtml(1,13): error RZ1017: Unexpected literal following the 'model' directive. Expected 'line break'. [/Users/jakovivancek/Desktop/Jakov_Ivancek_projekt/Hotel-Mgt.Web/Hotel-Mgt.Web.csproj]
/Users/jakovivancek/Desktop/Jakov_Ivancek_projekt/Hotel-Mgt.Web/Views/Reservations/Edit.cshtml(1,13): error RZ1017: Unexpected literal following the 'model' directive. Expected 'line break'. [/Users/jakovivancek/Desktop/Jakov_Ivancek_projekt/Hotel-Mgt.Web/Hotel-Mgt.Web.csproj]
/Users/jakovivancek/Desktop/Jakov_Ivancek_projekt/Hotel-Mgt.Web/Views/Reservations/_ReservationForm.cshtml(1,13): error RZ1017: Unexpected literal following the 'model' directive. Expected 'line break'. [/Users/jakovivancek/Desktop/Jakov_Ivancek_projekt/Hotel-Mgt.Web/Hotel-Mgt.Web.csproj]
/Users/jakovivancek/Desktop/Jakov_Ivancek_projekt/Hotel-Mgt.Web/Views/Reviews/Create.cshtml(1,13): error RZ1017: Unexpected literal following the 'model' directive. Expected 'line break'. [/Users/jakovivancek/Desktop/Jakov_Ivancek_projekt/Hotel-Mgt.Web/Hotel-Mgt.Web.csproj]
/Users/jakovivancek/Desktop/Jakov_Ivancek_projekt/Hotel-Mgt.Web/Views/Reviews/Delete.cshtml(1,13): error RZ1017: Unexpected literal following the 'model' directive. Expected 'line break'. [/Users/jakovivancek/Desktop/Jakov_Ivancek_projekt/Hotel-Mgt.Web/Hotel-Mgt.Web.csproj]
/Users/jakovivancek/Desktop/Jakov_Ivancek_projekt/Hotel-Mgt.Web/Views/Reviews/Details.cshtml(1,13): error RZ1017: Unexpected literal following the 'model' directive. Expected 'line break'. [/Users/jakovivancek/Desktop/Jakov_Ivancek_projekt/Hotel-Mgt.Web/Hotel-Mgt.Web.csproj]
/Users/jakovivancek/Desktop/Jakov_Ivancek_projekt/Hotel-Mgt.Web/Views/Reviews/Edit.cshtml(1,13): error RZ1017: Unexpected literal following the 'model' directive. Expected 'line break'. [/Users/jakovivancek/Desktop/Jakov_Ivancek_projekt/Hotel-Mgt.Web/Hotel-Mgt.Web.csproj]
/Users/jakovivancek/Desktop/Jakov_Ivancek_projekt/Hotel-Mgt.Web/Views/Reviews/_ReviewForm.cshtml(1,13): error RZ1017: Unexpected literal following the 'model' directive. Expected 'line break'. [/Users/jakovivancek/Desktop/Jakov_Ivancek_projekt/Hotel-Mgt.Web/Hotel-Mgt.Web.csproj]
/Users/jakovivancek/Desktop/Jakov_Ivancek_projekt/Hotel-Mgt.Web/Views/Rooms/Create.cshtml(1,13): error RZ1017: Unexpected literal following the 'model' directive. Expected 'line break'. [/Users/jakovivancek/Desktop/Jakov_Ivancek_projekt/Hotel-Mgt.Web/Hotel-Mgt.Web.csproj]
/Users/jakovivancek/Desktop/Jakov_Ivancek_projekt/Hotel-Mgt.Web/Views/Rooms/Delete.cshtml(1,13): error RZ1017: Unexpected literal following the 'model' directive. Expected 'line break'. [/Users/jakovivancek/Desktop/Jakov_Ivancek_projekt/Hotel-Mgt.Web/Hotel-Mgt.Web.csproj]
/Users/jakovivancek/Desktop/Jakov_Ivancek_projekt/Hotel-Mgt.Web/Views/Rooms/Details.cshtml(1,13): error RZ1017: Unexpected literal following the 'model' directive. Expected 'line break'. [/Users/jakovivancek/Desktop/Jakov_Ivancek_projekt/Hotel-Mgt.Web/Hotel-Mgt.Web.csproj]
/Users/jakovivancek/Desktop/Jakov_Ivancek_projekt/Hotel-Mgt.Web/Views/Rooms/Edit.cshtml(1,13): error RZ1017: Unexpected literal following the 'model' directive. Expected 'line break'. [/Users/jakovivancek/Desktop/Jakov_Ivancek_projekt/Hotel-Mgt.Web/Hotel-Mgt.Web.csproj]
/Users/jakovivancek/Desktop/Jakov_Ivancek_projekt/Hotel-Mgt.Web/Views/Rooms/_RoomForm.cshtml(1,13): error RZ1017: Unexpected literal following the 'model' directive. Expected 'line break'. [/Users/jakovivancek/Desktop/Jakov_Ivancek_projekt/Hotel-Mgt.Web/Hotel-Mgt.Web.csproj]
/Users/jakovivancek/Desktop/Jakov_Ivancek_projekt/Hotel-Mgt.Web/Views/Services/Create.cshtml(1,13): error RZ1017: Unexpected literal following the 'model' directive. Expected 'line break'. [/Users/jakovivancek/Desktop/Jakov_Ivancek_projekt/Hotel-Mgt.Web/Hotel-Mgt.Web.csproj]
/Users/jakovivancek/Desktop/Jakov_Ivancek_projekt/Hotel-Mgt.Web/Views/Services/Delete.cshtml(1,13): error RZ1017: Unexpected literal following the 'model' directive. Expected 'line break'. [/Users/jakovivancek/Desktop/Jakov_Ivancek_projekt/Hotel-Mgt.Web/Hotel-Mgt.Web.csproj]
/Users/jakovivancek/Desktop/Jakov_Ivancek_projekt/Hotel-Mgt.Web/Views/Services/Details.cshtml(1,13): error RZ1017: Unexpected literal following the 'model' directive. Expected 'line break'. [/Users/jakovivancek/Desktop/Jakov_Ivancek_projekt/Hotel-Mgt.Web/Hotel-Mgt.Web.csproj]
/Users/jakovivancek/Desktop/Jakov_Ivancek_projekt/Hotel-Mgt.Web/Views/Services/Edit.cshtml(1,13): error RZ1017: Unexpected literal following the 'model' directive. Expected 'line break'. [/Users/jakovivancek/Desktop/Jakov_Ivancek_projekt/Hotel-Mgt.Web/Hotel-Mgt.Web.csproj]
/Users/jakovivancek/Desktop/Jakov_Ivancek_projekt/Hotel-Mgt.Web/Views/Services/_ServiceForm.cshtml(1,13): error RZ1017: Unexpected literal following the 'model' directive. Expected 'line break'. [/Users/jakovivancek/Desktop/Jakov_Ivancek_projekt/Hotel-Mgt.Web/Hotel-Mgt.Web.csproj]
/Users/jakovivancek/Desktop/Jakov_Ivancek_projekt/Hotel-Mgt.Web/Views/Shared/_AutocompleteDropdown.cshtml(1,13): error RZ1017: Unexpected literal following the 'model' directive. Expected 'line break'. [/Users/jakovivancek/Desktop/Jakov_Ivancek_projekt/Hotel-Mgt.Web/Hotel-Mgt.Web.csproj]
/Users/jakovivancek/Desktop/Jakov_Ivancek_projekt/Hotel-Mgt.Web/Views/Shared/_DateTimePicker.cshtml(1,13): error RZ1017: Unexpected literal following the 'model' directive. Expected 'line break'. [/Users/jakovivancek/Desktop/Jakov_Ivancek_projekt/Hotel-Mgt.Web/Hotel-Mgt.Web.csproj]
/Users/jakovivancek/Desktop/Jakov_Ivancek_projekt/Hotel-Mgt.Web/Views/Rooms/Index.cshtml(1,8): error CS0305: Using the generic type 'IEnumerable<T>' requires 1 type arguments [/Users/jakovivancek/Desktop/Jakov_Ivancek_projekt/Hotel-Mgt.Web/Hotel-Mgt.Web.csproj]
/Users/jakovivancek/Desktop/Jakov_Ivancek_projekt/Hotel-Mgt.Web/Views/Rooms/Index.cshtml(1,26): error CS0246: The type or namespace name 'Mgt' could not be found (are you missing a using directive or an assembly reference?) [/Users/jakovivancek/Desktop/Jakov_Ivancek_projekt/Hotel-Mgt.Web/Hotel-Mgt.Web.csproj]
/Users/jakovivancek/Desktop/Jakov_Ivancek_projekt/Hotel-Mgt.Web/Views/Employees/Index.cshtml(1,8): error CS0305: Using the generic type 'IEnumerable<T>' requires 1 type arguments [/Users/jakovivancek/Desktop/Jakov_Ivancek_projekt/Hotel-Mgt.Web/Hotel-Mgt.Web.csproj]
/Users/jakovivancek/Desktop/Jakov_Ivancek_projekt/Hotel-Mgt.Web/Views/Employees/Index.cshtml(1,26): error CS0246: The type or namespace name 'Mgt' could not be found (are you missing a using directive or an assembly reference?) [/Users/jakovivancek/Desktop/Jakov_Ivancek_projekt/Hotel-Mgt.Web/Hotel-Mgt.Web.csproj]
/Users/jakovivancek/Desktop/Jakov_Ivancek_projekt/Hotel-Mgt.Web/obj/Debug/net10.0/Microsoft.CodeAnalysis.Razor.Compiler/Microsoft.NET.Sdk.Razor.SourceGenerators.RazorSourceGenerator/Views/Rooms/Index_cshtml.g.cs(207,71): error CS0305: Using the generic type 'IEnumerable<T>' requires 1 type arguments [/Users/jakovivancek/Desktop/Jakov_Ivancek_projekt/Hotel-Mgt.Web/Hotel-Mgt.Web.csproj]
/Users/jakovivancek/Desktop/Jakov_Ivancek_projekt/Hotel-Mgt.Web/obj/Debug/net10.0/Microsoft.CodeAnalysis.Razor.Compiler/Microsoft.NET.Sdk.Razor.SourceGenerators.RazorSourceGenerator/Views/Rooms/Index_cshtml.g.cs(207,89): error CS0246: The type or namespace name 'Mgt' could not be found (are you missing a using directive or an assembly reference?) [/Users/jakovivancek/Desktop/Jakov_Ivancek_projekt/Hotel-Mgt.Web/Hotel-Mgt.Web.csproj]
/Users/jakovivancek/Desktop/Jakov_Ivancek_projekt/Hotel-Mgt.Web/Views/Hotels/Index.cshtml(1,8): error CS0305: Using the generic type 'IEnumerable<T>' requires 1 type arguments [/Users/jakovivancek/Desktop/Jakov_Ivancek_projekt/Hotel-Mgt.Web/Hotel-Mgt.Web.csproj]
/Users/jakovivancek/Desktop/Jakov_Ivancek_projekt/Hotel-Mgt.Web/Views/Hotels/Index.cshtml(1,26): error CS0246: The type or namespace name 'Mgt' could not be found (are you missing a using directive or an assembly reference?) [/Users/jakovivancek/Desktop/Jakov_Ivancek_projekt/Hotel-Mgt.Web/Hotel-Mgt.Web.csproj]
/Users/jakovivancek/Desktop/Jakov_Ivancek_projekt/Hotel-Mgt.Web/obj/Debug/net10.0/Microsoft.CodeAnalysis.Razor.Compiler/Microsoft.NET.Sdk.Razor.SourceGenerators.RazorSourceGenerator/Views/Employees/Index_cshtml.g.cs(207,71): error CS0305: Using the generic type 'IEnumerable<T>' requires 1 type arguments [/Users/jakovivancek/Desktop/Jakov_Ivancek_projekt/Hotel-Mgt.Web/Hotel-Mgt.Web.csproj]
/Users/jakovivancek/Desktop/Jakov_Ivancek_projekt/Hotel-Mgt.Web/obj/Debug/net10.0/Microsoft.CodeAnalysis.Razor.Compiler/Microsoft.NET.Sdk.Razor.SourceGenerators.RazorSourceGenerator/Views/Employees/Index_cshtml.g.cs(207,89): error CS0246: The type or namespace name 'Mgt' could not be found (are you missing a using directive or an assembly reference?) [/Users/jakovivancek/Desktop/Jakov_Ivancek_projekt/Hotel-Mgt.Web/Hotel-Mgt.Web.csproj]
/Users/jakovivancek/Desktop/Jakov_Ivancek_projekt/Hotel-Mgt.Web/Views/Reservations/Index.cshtml(1,8): error CS0305: Using the generic type 'IEnumerable<T>' requires 1 type arguments [/Users/jakovivancek/Desktop/Jakov_Ivancek_projekt/Hotel-Mgt.Web/Hotel-Mgt.Web.csproj]
/Users/jakovivancek/Desktop/Jakov_Ivancek_projekt/Hotel-Mgt.Web/Views/Reservations/Index.cshtml(1,26): error CS0246: The type or namespace name 'Mgt' could not be found (are you missing a using directive or an assembly reference?) [/Users/jakovivancek/Desktop/Jakov_Ivancek_projekt/Hotel-Mgt.Web/Hotel-Mgt.Web.csproj]
/Users/jakovivancek/Desktop/Jakov_Ivancek_projekt/Hotel-Mgt.Web/obj/Debug/net10.0/Microsoft.CodeAnalysis.Razor.Compiler/Microsoft.NET.Sdk.Razor.SourceGenerators.RazorSourceGenerator/Views/Hotels/Index_cshtml.g.cs(207,71): error CS0305: Using the generic type 'IEnumerable<T>' requires 1 type arguments [/Users/jakovivancek/Desktop/Jakov_Ivancek_projekt/Hotel-Mgt.Web/Hotel-Mgt.Web.csproj]
/Users/jakovivancek/Desktop/Jakov_Ivancek_projekt/Hotel-Mgt.Web/obj/Debug/net10.0/Microsoft.CodeAnalysis.Razor.Compiler/Microsoft.NET.Sdk.Razor.SourceGenerators.RazorSourceGenerator/Views/Hotels/Index_cshtml.g.cs(207,89): error CS0246: The type or namespace name 'Mgt' could not be found (are you missing a using directive or an assembly reference?) [/Users/jakovivancek/Desktop/Jakov_Ivancek_projekt/Hotel-Mgt.Web/Hotel-Mgt.Web.csproj]
/Users/jakovivancek/Desktop/Jakov_Ivancek_projekt/Hotel-Mgt.Web/Views/Employees/_EmployeesTable.cshtml(1,8): error CS0305: Using the generic type 'IEnumerable<T>' requires 1 type arguments [/Users/jakovivancek/Desktop/Jakov_Ivancek_projekt/Hotel-Mgt.Web/Hotel-Mgt.Web.csproj]
/Users/jakovivancek/Desktop/Jakov_Ivancek_projekt/Hotel-Mgt.Web/Views/Employees/_EmployeesTable.cshtml(1,26): error CS0246: The type or namespace name 'Mgt' could not be found (are you missing a using directive or an assembly reference?) [/Users/jakovivancek/Desktop/Jakov_Ivancek_projekt/Hotel-Mgt.Web/Hotel-Mgt.Web.csproj]
/Users/jakovivancek/Desktop/Jakov_Ivancek_projekt/Hotel-Mgt.Web/obj/Debug/net10.0/Microsoft.CodeAnalysis.Razor.Compiler/Microsoft.NET.Sdk.Razor.SourceGenerators.RazorSourceGenerator/Views/Reservations/Index_cshtml.g.cs(207,71): error CS0305: Using the generic type 'IEnumerable<T>' requires 1 type arguments [/Users/jakovivancek/Desktop/Jakov_Ivancek_projekt/Hotel-Mgt.Web/Hotel-Mgt.Web.csproj]
/Users/jakovivancek/Desktop/Jakov_Ivancek_projekt/Hotel-Mgt.Web/obj/Debug/net10.0/Microsoft.CodeAnalysis.Razor.Compiler/Microsoft.NET.Sdk.Razor.SourceGenerators.RazorSourceGenerator/Views/Reservations/Index_cshtml.g.cs(207,89): error CS0246: The type or namespace name 'Mgt' could not be found (are you missing a using directive or an assembly reference?) [/Users/jakovivancek/Desktop/Jakov_Ivancek_projekt/Hotel-Mgt.Web/Hotel-Mgt.Web.csproj]
/Users/jakovivancek/Desktop/Jakov_Ivancek_projekt/Hotel-Mgt.Web/Views/Hotels/_HotelsTable.cshtml(1,8): error CS0305: Using the generic type 'IEnumerable<T>' requires 1 type arguments [/Users/jakovivancek/Desktop/Jakov_Ivancek_projekt/Hotel-Mgt.Web/Hotel-Mgt.Web.csproj]
/Users/jakovivancek/Desktop/Jakov_Ivancek_projekt/Hotel-Mgt.Web/Views/Hotels/_HotelsTable.cshtml(1,26): error CS0246: The type or namespace name 'Mgt' could not be found (are you missing a using directive or an assembly reference?) [/Users/jakovivancek/Desktop/Jakov_Ivancek_projekt/Hotel-Mgt.Web/Hotel-Mgt.Web.csproj]
/Users/jakovivancek/Desktop/Jakov_Ivancek_projekt/Hotel-Mgt.Web/Views/Guests/Index.cshtml(1,8): error CS0305: Using the generic type 'IEnumerable<T>' requires 1 type arguments [/Users/jakovivancek/Desktop/Jakov_Ivancek_projekt/Hotel-Mgt.Web/Hotel-Mgt.Web.csproj]
/Users/jakovivancek/Desktop/Jakov_Ivancek_projekt/Hotel-Mgt.Web/Views/Guests/Index.cshtml(1,26): error CS0246: The type or namespace name 'Mgt' could not be found (are you missing a using directive or an assembly reference?) [/Users/jakovivancek/Desktop/Jakov_Ivancek_projekt/Hotel-Mgt.Web/Hotel-Mgt.Web.csproj]
/Users/jakovivancek/Desktop/Jakov_Ivancek_projekt/Hotel-Mgt.Web/obj/Debug/net10.0/Microsoft.CodeAnalysis.Razor.Compiler/Microsoft.NET.Sdk.Razor.SourceGenerators.RazorSourceGenerator/Views/Employees/_EmployeesTable_cshtml.g.cs(284,71): error CS0305: Using the generic type 'IEnumerable<T>' requires 1 type arguments [/Users/jakovivancek/Desktop/Jakov_Ivancek_projekt/Hotel-Mgt.Web/Hotel-Mgt.Web.csproj]
/Users/jakovivancek/Desktop/Jakov_Ivancek_projekt/Hotel-Mgt.Web/obj/Debug/net10.0/Microsoft.CodeAnalysis.Razor.Compiler/Microsoft.NET.Sdk.Razor.SourceGenerators.RazorSourceGenerator/Views/Employees/_EmployeesTable_cshtml.g.cs(284,89): error CS0246: The type or namespace name 'Mgt' could not be found (are you missing a using directive or an assembly reference?) [/Users/jakovivancek/Desktop/Jakov_Ivancek_projekt/Hotel-Mgt.Web/Hotel-Mgt.Web.csproj]
/Users/jakovivancek/Desktop/Jakov_Ivancek_projekt/Hotel-Mgt.Web/obj/Debug/net10.0/Microsoft.CodeAnalysis.Razor.Compiler/Microsoft.NET.Sdk.Razor.SourceGenerators.RazorSourceGenerator/Views/Hotels/_HotelsTable_cshtml.g.cs(284,71): error CS0305: Using the generic type 'IEnumerable<T>' requires 1 type arguments [/Users/jakovivancek/Desktop/Jakov_Ivancek_projekt/Hotel-Mgt.Web/Hotel-Mgt.Web.csproj]
/Users/jakovivancek/Desktop/Jakov_Ivancek_projekt/Hotel-Mgt.Web/obj/Debug/net10.0/Microsoft.CodeAnalysis.Razor.Compiler/Microsoft.NET.Sdk.Razor.SourceGenerators.RazorSourceGenerator/Views/Hotels/_HotelsTable_cshtml.g.cs(284,89): error CS0246: The type or namespace name 'Mgt' could not be found (are you missing a using directive or an assembly reference?) [/Users/jakovivancek/Desktop/Jakov_Ivancek_projekt/Hotel-Mgt.Web/Hotel-Mgt.Web.csproj]
/Users/jakovivancek/Desktop/Jakov_Ivancek_projekt/Hotel-Mgt.Web/Views/Services/_ServicesTable.cshtml(1,8): error CS0305: Using the generic type 'IEnumerable<T>' requires 1 type arguments [/Users/jakovivancek/Desktop/Jakov_Ivancek_projekt/Hotel-Mgt.Web/Hotel-Mgt.Web.csproj]
/Users/jakovivancek/Desktop/Jakov_Ivancek_projekt/Hotel-Mgt.Web/Views/Services/_ServicesTable.cshtml(1,26): error CS0246: The type or namespace name 'Mgt' could not be found (are you missing a using directive or an assembly reference?) [/Users/jakovivancek/Desktop/Jakov_Ivancek_projekt/Hotel-Mgt.Web/Hotel-Mgt.Web.csproj]
/Users/jakovivancek/Desktop/Jakov_Ivancek_projekt/Hotel-Mgt.Web/obj/Debug/net10.0/Microsoft.CodeAnalysis.Razor.Compiler/Microsoft.NET.Sdk.Razor.SourceGenerators.RazorSourceGenerator/Views/Guests/Index_cshtml.g.cs(207,71): error CS0305: Using the generic type 'IEnumerable<T>' requires 1 type arguments [/Users/jakovivancek/Desktop/Jakov_Ivancek_projekt/Hotel-Mgt.Web/Hotel-Mgt.Web.csproj]
/Users/jakovivancek/Desktop/Jakov_Ivancek_projekt/Hotel-Mgt.Web/obj/Debug/net10.0/Microsoft.CodeAnalysis.Razor.Compiler/Microsoft.NET.Sdk.Razor.SourceGenerators.RazorSourceGenerator/Views/Guests/Index_cshtml.g.cs(207,89): error CS0246: The type or namespace name 'Mgt' could not be found (are you missing a using directive or an assembly reference?) [/Users/jakovivancek/Desktop/Jakov_Ivancek_projekt/Hotel-Mgt.Web/Hotel-Mgt.Web.csproj]
/Users/jakovivancek/Desktop/Jakov_Ivancek_projekt/Hotel-Mgt.Web/Views/Reviews/Index.cshtml(1,8): error CS0305: Using the generic type 'IEnumerable<T>' requires 1 type arguments [/Users/jakovivancek/Desktop/Jakov_Ivancek_projekt/Hotel-Mgt.Web/Hotel-Mgt.Web.csproj]
/Users/jakovivancek/Desktop/Jakov_Ivancek_projekt/Hotel-Mgt.Web/Views/Reviews/Index.cshtml(1,26): error CS0246: The type or namespace name 'Mgt' could not be found (are you missing a using directive or an assembly reference?) [/Users/jakovivancek/Desktop/Jakov_Ivancek_projekt/Hotel-Mgt.Web/Hotel-Mgt.Web.csproj]
/Users/jakovivancek/Desktop/Jakov_Ivancek_projekt/Hotel-Mgt.Web/Views/Rooms/_RoomsTable.cshtml(1,8): error CS0305: Using the generic type 'IEnumerable<T>' requires 1 type arguments [/Users/jakovivancek/Desktop/Jakov_Ivancek_projekt/Hotel-Mgt.Web/Hotel-Mgt.Web.csproj]
/Users/jakovivancek/Desktop/Jakov_Ivancek_projekt/Hotel-Mgt.Web/Views/Rooms/_RoomsTable.cshtml(1,26): error CS0246: The type or namespace name 'Mgt' could not be found (are you missing a using directive or an assembly reference?) [/Users/jakovivancek/Desktop/Jakov_Ivancek_projekt/Hotel-Mgt.Web/Hotel-Mgt.Web.csproj]
/Users/jakovivancek/Desktop/Jakov_Ivancek_projekt/Hotel-Mgt.Web/obj/Debug/net10.0/Microsoft.CodeAnalysis.Razor.Compiler/Microsoft.NET.Sdk.Razor.SourceGenerators.RazorSourceGenerator/Views/Services/_ServicesTable_cshtml.g.cs(287,71): error CS0305: Using the generic type 'IEnumerable<T>' requires 1 type arguments [/Users/jakovivancek/Desktop/Jakov_Ivancek_projekt/Hotel-Mgt.Web/Hotel-Mgt.Web.csproj]
/Users/jakovivancek/Desktop/Jakov_Ivancek_projekt/Hotel-Mgt.Web/obj/Debug/net10.0/Microsoft.CodeAnalysis.Razor.Compiler/Microsoft.NET.Sdk.Razor.SourceGenerators.RazorSourceGenerator/Views/Services/_ServicesTable_cshtml.g.cs(287,89): error CS0246: The type or namespace name 'Mgt' could not be found (are you missing a using directive or an assembly reference?) [/Users/jakovivancek/Desktop/Jakov_Ivancek_projekt/Hotel-Mgt.Web/Hotel-Mgt.Web.csproj]
/Users/jakovivancek/Desktop/Jakov_Ivancek_projekt/Hotel-Mgt.Web/obj/Debug/net10.0/Microsoft.CodeAnalysis.Razor.Compiler/Microsoft.NET.Sdk.Razor.SourceGenerators.RazorSourceGenerator/Views/Reviews/Index_cshtml.g.cs(207,71): error CS0305: Using the generic type 'IEnumerable<T>' requires 1 type arguments [/Users/jakovivancek/Desktop/Jakov_Ivancek_projekt/Hotel-Mgt.Web/Hotel-Mgt.Web.csproj]
/Users/jakovivancek/Desktop/Jakov_Ivancek_projekt/Hotel-Mgt.Web/obj/Debug/net10.0/Microsoft.CodeAnalysis.Razor.Compiler/Microsoft.NET.Sdk.Razor.SourceGenerators.RazorSourceGenerator/Views/Reviews/Index_cshtml.g.cs(207,89): error CS0246: The type or namespace name 'Mgt' could not be found (are you missing a using directive or an assembly reference?) [/Users/jakovivancek/Desktop/Jakov_Ivancek_projekt/Hotel-Mgt.Web/Hotel-Mgt.Web.csproj]
/Users/jakovivancek/Desktop/Jakov_Ivancek_projekt/Hotel-Mgt.Web/obj/Debug/net10.0/Microsoft.CodeAnalysis.Razor.Compiler/Microsoft.NET.Sdk.Razor.SourceGenerators.RazorSourceGenerator/Views/Rooms/_RoomsTable_cshtml.g.cs(321,71): error CS0305: Using the generic type 'IEnumerable<T>' requires 1 type arguments [/Users/jakovivancek/Desktop/Jakov_Ivancek_projekt/Hotel-Mgt.Web/Hotel-Mgt.Web.csproj]
/Users/jakovivancek/Desktop/Jakov_Ivancek_projekt/Hotel-Mgt.Web/obj/Debug/net10.0/Microsoft.CodeAnalysis.Razor.Compiler/Microsoft.NET.Sdk.Razor.SourceGenerators.RazorSourceGenerator/Views/Rooms/_RoomsTable_cshtml.g.cs(321,89): error CS0246: The type or namespace name 'Mgt' could not be found (are you missing a using directive or an assembly reference?) [/Users/jakovivancek/Desktop/Jakov_Ivancek_projekt/Hotel-Mgt.Web/Hotel-Mgt.Web.csproj]
/Users/jakovivancek/Desktop/Jakov_Ivancek_projekt/Hotel-Mgt.Web/Views/Reviews/_ReviewsTable.cshtml(1,8): error CS0305: Using the generic type 'IEnumerable<T>' requires 1 type arguments [/Users/jakovivancek/Desktop/Jakov_Ivancek_projekt/Hotel-Mgt.Web/Hotel-Mgt.Web.csproj]
/Users/jakovivancek/Desktop/Jakov_Ivancek_projekt/Hotel-Mgt.Web/Views/Reviews/_ReviewsTable.cshtml(1,26): error CS0246: The type or namespace name 'Mgt' could not be found (are you missing a using directive or an assembly reference?) [/Users/jakovivancek/Desktop/Jakov_Ivancek_projekt/Hotel-Mgt.Web/Hotel-Mgt.Web.csproj]
/Users/jakovivancek/Desktop/Jakov_Ivancek_projekt/Hotel-Mgt.Web/Views/Reservations/_ReservationsTable.cshtml(1,8): error CS0305: Using the generic type 'IEnumerable<T>' requires 1 type arguments [/Users/jakovivancek/Desktop/Jakov_Ivancek_projekt/Hotel-Mgt.Web/Hotel-Mgt.Web.csproj]
/Users/jakovivancek/Desktop/Jakov_Ivancek_projekt/Hotel-Mgt.Web/Views/Reservations/_ReservationsTable.cshtml(1,26): error CS0246: The type or namespace name 'Mgt' could not be found (are you missing a using directive or an assembly reference?) [/Users/jakovivancek/Desktop/Jakov_Ivancek_projekt/Hotel-Mgt.Web/Hotel-Mgt.Web.csproj]
/Users/jakovivancek/Desktop/Jakov_Ivancek_projekt/Hotel-Mgt.Web/Views/Payments/Index.cshtml(1,8): error CS0305: Using the generic type 'IEnumerable<T>' requires 1 type arguments [/Users/jakovivancek/Desktop/Jakov_Ivancek_projekt/Hotel-Mgt.Web/Hotel-Mgt.Web.csproj]
/Users/jakovivancek/Desktop/Jakov_Ivancek_projekt/Hotel-Mgt.Web/Views/Payments/Index.cshtml(1,26): error CS0246: The type or namespace name 'Mgt' could not be found (are you missing a using directive or an assembly reference?) [/Users/jakovivancek/Desktop/Jakov_Ivancek_projekt/Hotel-Mgt.Web/Hotel-Mgt.Web.csproj]
/Users/jakovivancek/Desktop/Jakov_Ivancek_projekt/Hotel-Mgt.Web/obj/Debug/net10.0/Microsoft.CodeAnalysis.Razor.Compiler/Microsoft.NET.Sdk.Razor.SourceGenerators.RazorSourceGenerator/Views/Reviews/_ReviewsTable_cshtml.g.cs(294,71): error CS0305: Using the generic type 'IEnumerable<T>' requires 1 type arguments [/Users/jakovivancek/Desktop/Jakov_Ivancek_projekt/Hotel-Mgt.Web/Hotel-Mgt.Web.csproj]
/Users/jakovivancek/Desktop/Jakov_Ivancek_projekt/Hotel-Mgt.Web/obj/Debug/net10.0/Microsoft.CodeAnalysis.Razor.Compiler/Microsoft.NET.Sdk.Razor.SourceGenerators.RazorSourceGenerator/Views/Reviews/_ReviewsTable_cshtml.g.cs(294,89): error CS0246: The type or namespace name 'Mgt' could not be found (are you missing a using directive or an assembly reference?) [/Users/jakovivancek/Desktop/Jakov_Ivancek_projekt/Hotel-Mgt.Web/Hotel-Mgt.Web.csproj]
/Users/jakovivancek/Desktop/Jakov_Ivancek_projekt/Hotel-Mgt.Web/obj/Debug/net10.0/Microsoft.CodeAnalysis.Razor.Compiler/Microsoft.NET.Sdk.Razor.SourceGenerators.RazorSourceGenerator/Views/Reservations/_ReservationsTable_cshtml.g.cs(340,71): error CS0305: Using the generic type 'IEnumerable<T>' requires 1 type arguments [/Users/jakovivancek/Desktop/Jakov_Ivancek_projekt/Hotel-Mgt.Web/Hotel-Mgt.Web.csproj]
/Users/jakovivancek/Desktop/Jakov_Ivancek_projekt/Hotel-Mgt.Web/obj/Debug/net10.0/Microsoft.CodeAnalysis.Razor.Compiler/Microsoft.NET.Sdk.Razor.SourceGenerators.RazorSourceGenerator/Views/Reservations/_ReservationsTable_cshtml.g.cs(340,89): error CS0246: The type or namespace name 'Mgt' could not be found (are you missing a using directive or an assembly reference?) [/Users/jakovivancek/Desktop/Jakov_Ivancek_projekt/Hotel-Mgt.Web/Hotel-Mgt.Web.csproj]
/Users/jakovivancek/Desktop/Jakov_Ivancek_projekt/Hotel-Mgt.Web/obj/Debug/net10.0/Microsoft.CodeAnalysis.Razor.Compiler/Microsoft.NET.Sdk.Razor.SourceGenerators.RazorSourceGenerator/Views/Payments/Index_cshtml.g.cs(207,71): error CS0305: Using the generic type 'IEnumerable<T>' requires 1 type arguments [/Users/jakovivancek/Desktop/Jakov_Ivancek_projekt/Hotel-Mgt.Web/Hotel-Mgt.Web.csproj]
/Users/jakovivancek/Desktop/Jakov_Ivancek_projekt/Hotel-Mgt.Web/obj/Debug/net10.0/Microsoft.CodeAnalysis.Razor.Compiler/Microsoft.NET.Sdk.Razor.SourceGenerators.RazorSourceGenerator/Views/Payments/Index_cshtml.g.cs(207,89): error CS0246: The type or namespace name 'Mgt' could not be found (are you missing a using directive or an assembly reference?) [/Users/jakovivancek/Desktop/Jakov_Ivancek_projekt/Hotel-Mgt.Web/Hotel-Mgt.Web.csproj]
/Users/jakovivancek/Desktop/Jakov_Ivancek_projekt/Hotel-Mgt.Web/Views/Guests/_GuestsTable.cshtml(1,8): error CS0305: Using the generic type 'IEnumerable<T>' requires 1 type arguments [/Users/jakovivancek/Desktop/Jakov_Ivancek_projekt/Hotel-Mgt.Web/Hotel-Mgt.Web.csproj]
/Users/jakovivancek/Desktop/Jakov_Ivancek_projekt/Hotel-Mgt.Web/Views/Guests/_GuestsTable.cshtml(1,26): error CS0246: The type or namespace name 'Mgt' could not be found (are you missing a using directive or an assembly reference?) [/Users/jakovivancek/Desktop/Jakov_Ivancek_projekt/Hotel-Mgt.Web/Hotel-Mgt.Web.csproj]
/Users/jakovivancek/Desktop/Jakov_Ivancek_projekt/Hotel-Mgt.Web/Views/Services/Index.cshtml(1,8): error CS0305: Using the generic type 'IEnumerable<T>' requires 1 type arguments [/Users/jakovivancek/Desktop/Jakov_Ivancek_projekt/Hotel-Mgt.Web/Hotel-Mgt.Web.csproj]
/Users/jakovivancek/Desktop/Jakov_Ivancek_projekt/Hotel-Mgt.Web/Views/Services/Index.cshtml(1,26): error CS0246: The type or namespace name 'Mgt' could not be found (are you missing a using directive or an assembly reference?) [/Users/jakovivancek/Desktop/Jakov_Ivancek_projekt/Hotel-Mgt.Web/Hotel-Mgt.Web.csproj]
/Users/jakovivancek/Desktop/Jakov_Ivancek_projekt/Hotel-Mgt.Web/obj/Debug/net10.0/Microsoft.CodeAnalysis.Razor.Compiler/Microsoft.NET.Sdk.Razor.SourceGenerators.RazorSourceGenerator/Views/Guests/_GuestsTable_cshtml.g.cs(284,71): error CS0305: Using the generic type 'IEnumerable<T>' requires 1 type arguments [/Users/jakovivancek/Desktop/Jakov_Ivancek_projekt/Hotel-Mgt.Web/Hotel-Mgt.Web.csproj]
/Users/jakovivancek/Desktop/Jakov_Ivancek_projekt/Hotel-Mgt.Web/obj/Debug/net10.0/Microsoft.CodeAnalysis.Razor.Compiler/Microsoft.NET.Sdk.Razor.SourceGenerators.RazorSourceGenerator/Views/Guests/_GuestsTable_cshtml.g.cs(284,89): error CS0246: The type or namespace name 'Mgt' could not be found (are you missing a using directive or an assembly reference?) [/Users/jakovivancek/Desktop/Jakov_Ivancek_projekt/Hotel-Mgt.Web/Hotel-Mgt.Web.csproj]
/Users/jakovivancek/Desktop/Jakov_Ivancek_projekt/Hotel-Mgt.Web/obj/Debug/net10.0/Microsoft.CodeAnalysis.Razor.Compiler/Microsoft.NET.Sdk.Razor.SourceGenerators.RazorSourceGenerator/Views/Services/Index_cshtml.g.cs(207,71): error CS0305: Using the generic type 'IEnumerable<T>' requires 1 type arguments [/Users/jakovivancek/Desktop/Jakov_Ivancek_projekt/Hotel-Mgt.Web/Hotel-Mgt.Web.csproj]
/Users/jakovivancek/Desktop/Jakov_Ivancek_projekt/Hotel-Mgt.Web/obj/Debug/net10.0/Microsoft.CodeAnalysis.Razor.Compiler/Microsoft.NET.Sdk.Razor.SourceGenerators.RazorSourceGenerator/Views/Services/Index_cshtml.g.cs(207,89): error CS0246: The type or namespace name 'Mgt' could not be found (are you missing a using directive or an assembly reference?) [/Users/jakovivancek/Desktop/Jakov_Ivancek_projekt/Hotel-Mgt.Web/Hotel-Mgt.Web.csproj]
/Users/jakovivancek/Desktop/Jakov_Ivancek_projekt/Hotel-Mgt.Web/Views/Payments/_PaymentsTable.cshtml(1,8): error CS0305: Using the generic type 'IEnumerable<T>' requires 1 type arguments [/Users/jakovivancek/Desktop/Jakov_Ivancek_projekt/Hotel-Mgt.Web/Hotel-Mgt.Web.csproj]
/Users/jakovivancek/Desktop/Jakov_Ivancek_projekt/Hotel-Mgt.Web/Views/Payments/_PaymentsTable.cshtml(1,26): error CS0246: The type or namespace name 'Mgt' could not be found (are you missing a using directive or an assembly reference?) [/Users/jakovivancek/Desktop/Jakov_Ivancek_projekt/Hotel-Mgt.Web/Hotel-Mgt.Web.csproj]
/Users/jakovivancek/Desktop/Jakov_Ivancek_projekt/Hotel-Mgt.Web/obj/Debug/net10.0/Microsoft.CodeAnalysis.Razor.Compiler/Microsoft.NET.Sdk.Razor.SourceGenerators.RazorSourceGenerator/Views/Payments/_PaymentsTable_cshtml.g.cs(310,71): error CS0305: Using the generic type 'IEnumerable<T>' requires 1 type arguments [/Users/jakovivancek/Desktop/Jakov_Ivancek_projekt/Hotel-Mgt.Web/Hotel-Mgt.Web.csproj]
/Users/jakovivancek/Desktop/Jakov_Ivancek_projekt/Hotel-Mgt.Web/obj/Debug/net10.0/Microsoft.CodeAnalysis.Razor.Compiler/Microsoft.NET.Sdk.Razor.SourceGenerators.RazorSourceGenerator/Views/Payments/_PaymentsTable_cshtml.g.cs(310,89): error CS0246: The type or namespace name 'Mgt' could not be found (are you missing a using directive or an assembly reference?) [/Users/jakovivancek/Desktop/Jakov_Ivancek_projekt/Hotel-Mgt.Web/Hotel-Mgt.Web.csproj]
    0 Warning(s)
    107 Error(s)

Time Elapsed 00:00:00.65
